// Jest Snapshot v1, https://goo.gl/fbAQLP

exports[`WithUserAnswer HOC rendering renders correctly 1`] = `<div />`;
