// Jest Snapshot v1, https://goo.gl/fbAQLP

exports[`WithAudio HOC rendering renders correctly 1`] = `
<div>
  <audio />
</div>
`;
